{
  "version": "1.5.0",
  "plugins_used": [
    {
      "name": "ArtifactoryDetector"
    },
    {
      "name": "AWSKeyDetector"
    },
    {
      "name": "AzureStorageKeyDetector"
    },
    {
      "name": "Base64HighEntropyString",
      "limit": 4.5
    },
    {
      "name": "BasicAuthDetector"
    },
    {
      "name": "CloudantDetector"
    },
    {
      "name": "DiscordBotTokenDetector"
    },
    {
      "name": "GitHubTokenDetector"
    },
    {
      "name": "GitLabTokenDetector"
    },
    {
      "name": "HexHighEntropyString",
      "limit": 3.0
    },
    {
      "name": "IbmCloudIamDetector"
    },
    {
      "name": "IbmCosHmacDetector"
    },
    {
      "name": "IPPublicDetector"
    },
    {
      "name": "JwtTokenDetector"
    },
    {
      "name": "KeywordDetector",
      "keyword_exclude": ""
    },
    {
      "name": "MailchimpDetector"
    },
    {
      "name": "NpmDetector"
    },
    {
      "name": "OpenAIDetector"
    },
    {
      "name": "PrivateKeyDetector"
    },
    {
      "name": "PypiTokenDetector"
    },
    {
      "name": "SendGridDetector"
    },
    {
      "name": "SlackDetector"
    },
    {
      "name": "SoftlayerDetector"
    },
    {
      "name": "SquareOAuthDetector"
    },
    {
      "name": "StripeDetector"
    },
    {
      "name": "TelegramBotTokenDetector"
    },
    {
      "name": "TwilioKeyDetector"
    }
  ],
  "filters_used": [
    {
      "path": "detect_secrets.filters.allowlist.is_line_allowlisted"
    },
    {
      "path": "detect_secrets.filters.common.is_baseline_file",
      "filename": ".secrets.baseline"
    },
    {
      "path": "detect_secrets.filters.common.is_ignored_due_to_verification_policies",
      "min_level": 2
    },
    {
      "path": "detect_secrets.filters.heuristic.is_indirect_reference"
    },
    {
      "path": "detect_secrets.filters.heuristic.is_likely_id_string"
    },
    {
      "path": "detect_secrets.filters.heuristic.is_lock_file"
    },
    {
      "path": "detect_secrets.filters.heuristic.is_not_alphanumeric_string"
    },
    {
      "path": "detect_secrets.filters.heuristic.is_potential_uuid"
    },
    {
      "path": "detect_secrets.filters.heuristic.is_prefixed_with_dollar_sign"
    },
    {
      "path": "detect_secrets.filters.heuristic.is_sequential_string"
    },
    {
      "path": "detect_secrets.filters.heuristic.is_swagger_file"
    },
    {
      "path": "detect_secrets.filters.heuristic.is_templated_secret"
    }
  ],
  "results": {
    "docs/integration-guide.md": [
      {
        "type": "Secret Keyword",
        "filename": "docs/integration-guide.md",
        "hashed_secret": "3603de6c3c10bd1f06df0ba227666c0e290c4882",
        "is_verified": false,
        "line_number": 30
      },
      {
        "type": "Secret Keyword",
        "filename": "docs/integration-guide.md",
        "hashed_secret": "10541065e9cdb5f299afda6462375aa0ebe3457a",
        "is_verified": false,
        "line_number": 53
      }
    ],
    "tests/integration/test_api_auth_signup.py": [
      {
        "type": "Secret Keyword",
        "filename": "tests/integration/test_api_auth_signup.py",
        "hashed_secret": "d48162edc207bcc45d504b7816463377c866c46d",
        "is_verified": false,
        "line_number": 45
      },
      {
        "type": "Secret Keyword",
        "filename": "tests/integration/test_api_auth_signup.py",
        "hashed_secret": "c563dc63a9102cc4a68938032144f3c8cc251ace",
        "is_verified": false,
        "line_number": 57
      },
      {
        "type": "Secret Keyword",
        "filename": "tests/integration/test_api_auth_signup.py",
        "hashed_secret": "800e031039eef2ef062f6ca52b13c7319c013d5f",
        "is_verified": false,
        "line_number": 59
      },
      {
        "type": "Secret Keyword",
        "filename": "tests/integration/test_api_auth_signup.py",
        "hashed_secret": "00dbc414088150e35358cd50b58f21e1ec23b86b",
        "is_verified": false,
        "line_number": 65
      },
      {
        "type": "Secret Keyword",
        "filename": "tests/integration/test_api_auth_signup.py",
        "hashed_secret": "05d83970b7ed1c839f218a5f611ed5ed89a43148",
        "is_verified": false,
        "line_number": 67
      },
      {
        "type": "Secret Keyword",
        "filename": "tests/integration/test_api_auth_signup.py",
        "hashed_secret": "02b3bbaf45317fb81e8180a9aafa70441df098dd",
        "is_verified": false,
        "line_number": 74
      },
      {
        "type": "Secret Keyword",
        "filename": "tests/integration/test_api_auth_signup.py",
        "hashed_secret": "dd7a86336cb7d0acb9f4bc33ba80346e4fe1f63b",
        "is_verified": false,
        "line_number": 83
      },
      {
        "type": "Secret Keyword",
        "filename": "tests/integration/test_api_auth_signup.py",
        "hashed_secret": "6bb4812f1225a53150a18c9d0f7a8cb67cfeae52",
        "is_verified": false,
        "line_number": 102
      }
    ]
  },
  "generated_at": "2026-08-10T05:59:46Z"
}
